Copyright 1986-2016 Xilinx, Inc. All Rights Reserved.
------------------------------------------------------------------------------------
| Tool Version : Vivado v.2016.4 (win64) Build 1756540 Mon Jan 23 19:11:23 MST 2017
| Date         : Sun Dec 24 15:36:06 2017
| Host         : Steven-Surface running 64-bit major release  (build 9200)
| Command      : report_control_sets -verbose -file testtop_control_sets_placed.rpt
| Design       : testtop
| Device       : xc7a100t
------------------------------------------------------------------------------------

Control Set Information

Table of Contents
-----------------
1. Summary
2. Flip-Flop Distribution
3. Detailed Control Set Information

1. Summary
----------

+----------------------------------------------------------+-------+
|                          Status                          | Count |
+----------------------------------------------------------+-------+
| Number of unique control sets                            |    42 |
| Unused register locations in slices containing registers |   114 |
+----------------------------------------------------------+-------+


2. Flip-Flop Distribution
-------------------------

+--------------+-----------------------+------------------------+-----------------+--------------+
| Clock Enable | Synchronous Set/Reset | Asynchronous Set/Reset | Total Registers | Total Slices |
+--------------+-----------------------+------------------------+-----------------+--------------+
| No           | No                    | No                     |              28 |           15 |
| No           | No                    | Yes                    |               0 |            0 |
| No           | Yes                   | No                     |             183 |           53 |
| Yes          | No                    | No                     |              89 |           44 |
| Yes          | No                    | Yes                    |              60 |           26 |
| Yes          | Yes                   | No                     |             246 |           96 |
+--------------+-----------------------+------------------------+-----------------+--------------+


3. Detailed Control Set Information
-----------------------------------

+---------------------------------------+--------------------------------------+--------------------------------------+------------------+----------------+
|              Clock Signal             |             Enable Signal            |           Set/Reset Signal           | Slice Load Count | Bel Load Count |
+---------------------------------------+--------------------------------------+--------------------------------------+------------------+----------------+
|  clk1                                 | MyCPU/CU/pc_value_reg[5]_P           | MyCPU/PC/pc_value_reg[6]_LDC_i_2_n_1 |                1 |              1 |
|  MyCPU/PC/pc_value_reg[5]_LDC_i_1_n_1 |                                      | MyCPU/PC/pc_value_reg[5]_LDC_i_2_n_1 |                1 |              1 |
|  MyCPU/PC/pc_value_reg[6]_LDC_i_1_n_1 |                                      | MyCPU/PC/pc_value_reg[6]_LDC_i_2_n_1 |                1 |              1 |
|  clk1                                 | MyCPU/CU/pc_value_reg[5]_P           | MyCPU/PC/pc_value_reg[5]_LDC_i_1_n_1 |                1 |              1 |
|  clk1                                 | MyCPU/CU/pc_value_reg[5]_P           | MyCPU/PC/pc_value_reg[5]_LDC_i_2_n_1 |                1 |              1 |
|  clk1                                 | MyCPU/CU/pc_value_reg[5]_P           | MyCPU/PC/pc_value_reg[6]_LDC_i_1_n_1 |                1 |              1 |
| ~clk1                                 | MyCPU/CU/run0_out                    |                                      |                1 |              1 |
|  clkin_IBUF_BUFG                      |                                      |                                      |                2 |              3 |
|  MyCPU/CU/n_1_0                       |                                      | MyCPU/CUCON/SR[0]                    |                3 |              4 |
|  clk1                                 | MyCPU/CU/alu_out_reg[15]             | MyCPU/INSREG/flag_out_reg[7]         |                1 |              4 |
|  clk1                                 | MyCPU/CU/flag_value_reg[7][0]        | MyCPU/REGARRAY/register_reg[1][0]_0  |                4 |              8 |
|  clk1                                 |                                      | MyCPU/CU/out                         |                3 |              8 |
| ~clk1                                 |                                      | MyCPU/CUCON/SR[0]                    |                2 |              9 |
|  clk1                                 | MyCPU/CU/pc_value_reg[5]_P           | MyCPU/REGARRAY/register_reg[1][0]_0  |                4 |             14 |
|  wr_BUFG                              | MyCPU/MAR/mem_out_retimed_reg[15]_0  |                                      |                4 |             16 |
|  clk1                                 | MyCPU/CU/sp_value_reg[0]             | MyCPU/REGARRAY/register_reg[1][0]_0  |                4 |             16 |
|  clk1                                 | MyCPU/CU/E[0]                        | MyCPU/REGARRAY/register_reg[1][0]_0  |                5 |             16 |
|  clk1                                 | MyCPU/CU/mar_addr_reg[0][0]          | MyCPU/REGARRAY/register_reg[1][0]_0  |                5 |             16 |
|  clk1                                 | MyCPU/CU/register_reg[0][0][0]       | MyCPU/REGARRAY/register_reg[1][0]_0  |                5 |             16 |
|  clk1                                 | MyCPU/CU/register_reg[1][0][0]       | MyCPU/REGARRAY/register_reg[1][0]_0  |                9 |             16 |
|  clk1                                 | MyCPU/CU/register_reg[2][0][0]       | MyCPU/REGARRAY/register_reg[1][0]_0  |               10 |             16 |
|  clk1                                 | MyCPU/CU/register_reg[3][0][0]       | MyCPU/REGARRAY/register_reg[1][0]_0  |                6 |             16 |
|  clk1                                 | MyCPU/CU/register_reg[4][0][0]       | MyCPU/REGARRAY/register_reg[1][0]_0  |                6 |             16 |
|  clk1                                 | MyCPU/CU/register_reg[5][0][0]       | MyCPU/REGARRAY/register_reg[1][0]_0  |                9 |             16 |
|  clk1                                 | MyCPU/CU/register_reg[6][0][0]       | MyCPU/REGARRAY/register_reg[1][0]_0  |                7 |             16 |
|  wr_BUFG                              | MyCPU/MAR/mem_out_retimed_reg[0]     |                                      |                4 |             16 |
|  wr_BUFG                              | MyCPU/MAR/mem_out_retimed_reg[0]_0   |                                      |                4 |             16 |
|  wr_BUFG                              | MyCPU/MAR/mem_out_retimed_reg[15]    |                                      |                4 |             16 |
| ~clk1                                 | MyCPU/CU/ir_ena_i_1_n_1              | MyCPU/CUCON/SR[0]                    |                9 |             18 |
|  clkin_IBUF_BUFG                      | MyCPU/DIVIDER/num[22]_i_1_n_1        |                                      |                4 |             19 |
|  clk1                                 |                                      |                                      |               13 |             25 |
|  clkin_IBUF_BUFG                      |                                      | IAUD/clk_48khz                       |                8 |             31 |
|  clkin_IBUF_BUFG                      |                                      | IAUD/n2[31]_i_1_n_1                  |                9 |             32 |
|  clkin_IBUF_BUFG                      |                                      | DISCON/index[31]_i_1_n_1             |                9 |             32 |
|  clkin_IBUF_BUFG                      | MyCPU/DIVIDER/cnt[0]_i_2_n_1         | MyCPU/DIVIDER/cnt[0]_i_1_n_1         |                8 |             32 |
|  n_reg[31]_i_3_n_1                    |                                      | MyCPU/REGARRAY/n_reg[31]             |                7 |             32 |
|  clk1                                 | MyCPU/CU/register_reg[7][0][0]       | MyCPU/REGARRAY/register_reg[1][0]_0  |               12 |             32 |
|  wr_BUFG                              | MyCPU/MAR/mem_out_retimed_reg[3]     |                                      |                8 |             32 |
| ~n_0_237_BUFG                         |                                      | MyCPU/REGARRAY/register_reg[1][0]_0  |               10 |             33 |
|  clk1                                 | MyCPU/CU/reg_out2_retimed_reg[15][0] |                                      |               16 |             33 |
|  clk1                                 | MyCPU/CU/reg_out_retimed_reg[14][0]  | MyCPU/REGARRAY/register_reg[1][0]_0  |               14 |             34 |
|  clk1                                 | MyCPU/CU/alu_out_reg[15]             |                                      |               23 |             36 |
+---------------------------------------+--------------------------------------+--------------------------------------+------------------+----------------+


+--------+-----------------------+
| Fanout | Number of ControlSets |
+--------+-----------------------+
| 1      |                     7 |
| 3      |                     1 |
| 4      |                     2 |
| 8      |                     2 |
| 9      |                     1 |
| 14     |                     1 |
| 16+    |                    28 |
+--------+-----------------------+


